
 +++++++++++++++++++++++++++++++++++++++++++++++++++++++++++++++++++
 +  SHELXL -  CRYSTAL STRUCTURE REFINEMENT  -   MULTI-CPU VERSION  +
 +  Copyright(C) George M. Sheldrick 1993-2018     Version 2018/1  +
 +  example                    started at 12:58:18 on 16-Sep-2026  +
 +++++++++++++++++++++++++++++++++++++++++++++++++++++++++++++++++++

 Command line parameters: example -a50000 -b3000 -c624 -g0 -m0 -t16

 -a sets the approximate maximum number of atoms including hydrogens.
 -b sets the maximum number of full-matrix parameters (not used by CGLS).
 For example -b9000 allows refinement of 1000 anisotropic atoms or 3000
 with BLOC 1. For a 32-bit version, -b times the square root of the
 number of threads should not exceed about 65500. -c sets the reflection
 buffer size. This depends on the CPU cache size but will rarely
 need changing.

 -g sets the number of reflection groups used for calculating R_complete,
 This must be greater than 1 but not greater than the total number of
 reflections for refinement. -m sets the current reflection group number.
 This may not be less than 1 nor greater than the number set by -g. These
 command line flags override other ways of defining free-R reflections.
 The -m value is also used as a seed for the WIGL pseudo-random shifts.

 -t sets the number of threads, otherwise it is set to the apparent
 number of CPUs. For optimal performance on hyperthreading systems,
 -t should be set to a little more than half the number of CPUs;
 e.g. -t4 or -t5 for an Intel i7 processor.

 Running 16 threads on 16 processors

 TITL res11_a.res in P-1
     res11_a.res
     created by SHELXL-2018/1 at 12:35:14 on 16-Sep-2026
 REM Old TITL XDS_ASCII.HKL DATE=20-Feb-2021
  
 REM SHELXT solution in P-1
 REM R1 0.168,  Rweak 0.008,  Alpha 0.067,  Orientation as input
 REM Formula found by SHELXT:  C61 F20 P2 K2
  
 CELL  0.67021  13.1210  13.5460  16.0960   85.698   81.845   79.221
 ZERR    1.000   0.0010   0.0010   0.0010    0.001    0.001    0.001
 LATT  -1
 SFAC C H N O F NA MG AL SI P S I Ni
 UNIT 20 20 20 20 20 20 20 20 20 20 20 20 20

 V =     2778.50     F(000) =    3860.0     Mu =  10.21 mm-1      Cell Wt =     8260.76    Rho =  4.937

 L.S. 10
 BOND $H
 LIST 6
 FMAP 2
 PLAN 20
 WGHT    0.100000
 FVAR       0.44924
 K001 12    0.743381    0.320969    0.069027    11.00000   -0.00100
 K002 13    0.673876    0.278015    0.197655    11.00000   -0.00100
 P003 10    0.784266    0.336054    0.263480    11.00000    0.04366
 P004 10    0.554254    0.209358    0.154916    11.00000    0.04464
 F005  5   -0.021329    0.571218    0.351730    11.00000    0.05271
 F006  5    0.156503    0.924222    0.331347    11.00000    0.06114
 F007  5    0.114128    0.521081    0.215013    11.00000    0.04978
 F008  5    0.046299    0.874862    0.192430    11.00000    0.05415
 F009  5    0.148155    0.780839    0.455889    11.00000    0.05544
 F00A  5    0.045553    0.518221    0.071866    11.00000    0.05800
 F00B  5   -0.115672    0.791041    0.285489    11.00000    0.05421
 F00C  5    0.309787    0.631864    0.386531    11.00000    0.05543
 F00D  5    0.300236    0.618365    0.207829    11.00000    0.05572
 F00E  5   -0.004885    0.867813    0.042309    11.00000    0.06639
 F00F  5   -0.194656    0.937538    0.541996    11.00000    0.06584
 F00G  5    0.017533    0.402028    0.442433    11.00000    0.06937
 F00H  5   -0.014753    0.687829   -0.019327    11.00000    0.06229
 F00I  5   -0.251261    0.884355    0.398310    11.00000    0.07577
 F00J  5    0.010327    0.887138    0.567193    11.00000    0.07079
 F00K  5    0.468530    0.691249    0.145635    11.00000    0.06790
 F00L  5    0.197197    0.345679    0.507121    11.00000    0.07812
 F00M  5    0.330879    0.992121    0.276787    11.00000    0.07308
 F00N  5    0.342251    0.470531    0.480878    11.00000    0.06967
 F00O  5    0.488770    0.880198    0.183555    11.00000    0.08253
 C00P  1    0.021254    0.785725    0.086653    11.00000    0.05543
 C00Q  1    0.080459    0.698215    0.213466    11.00000    0.03316
 C00R  1    0.027863    0.779844    0.367260    11.00000    0.04343
 C00S  1    0.220935    0.766888    0.276645    11.00000    0.04787
 C00T  1   -0.081672    0.810842    0.358180    11.00000    0.05629
 C00U  1    0.046971    0.806944    0.436833    11.00000    0.03573
 C00V  1   -0.148430    0.858626    0.415004    11.00000    0.04630
 C00W  1    0.761668    0.292290    0.370098    11.00000    0.05548
 C00X  1    0.019134    0.692229    0.055314    11.00000    0.05310
 C00Y  1    0.588108    0.088779    0.455929    11.00000    0.04553
 C00Z  1    0.917516    0.286910    0.225010    11.00000    0.04543
 C010  1    0.481732    0.258940    0.472520    11.00000    0.06013
 C011  1    0.661286    0.244578    0.394982    11.00000    0.03113
 C012  1    0.800669    0.517802    0.180191    11.00000    0.04939
 C013  1    0.048042    0.782141    0.166128    11.00000    0.03879
 C014  1    0.393993    0.840828    0.215204    11.00000    0.04917
 C015  1    0.611855    0.228650    0.316976    11.00000    0.04018
 C016  1    0.393726    0.754345    0.194889    11.00000    0.05579
 C017  1    0.932823    0.172559    0.219299    11.00000    0.05064
 C018  1   -0.123542    0.887866    0.484154    11.00000    0.04499
 C019  1    0.688351    0.135306    0.437414    11.00000    0.05426
 C01A  1    0.517277    0.182058    0.333943    11.00000    0.04226
 C01B  1    0.146262    0.610771    0.358742    11.00000    0.03244
 C01C  1    0.082529    0.612335    0.179370    11.00000    0.04479
 C01D  1    0.579507    0.307766    0.454817    11.00000    0.06156
 C01E  1    0.301649    0.712193    0.226525    11.00000    0.06082
 C01F  1    0.545614    0.080200    0.376970    11.00000    0.04963
 C01G  1    0.233692    0.858180    0.287238    11.00000    0.04650
 C01H  1    0.048611    0.606251    0.103473    11.00000    0.04177
 C01I  1    0.075343    0.546707    0.378680    11.00000    0.04985
 C01J  1    0.997474    0.317469    0.275224    11.00000    0.04935
 C01K  1    0.250162    0.488813    0.445620    11.00000    0.05552
 C01L  1    0.799852    0.635578    0.192941    11.00000    0.06471
 C01M  1    0.471082    0.288898    0.087909    11.00000    0.04308
 C01N  1    0.090530    0.460407    0.428950    11.00000    0.04743
 C01O  1    0.323144    0.894176    0.258507    11.00000    0.04629
 C01P  1    0.649207    0.631796    0.308985    11.00000    0.06335
 C01Q  1   -0.021905    0.854441    0.497432    11.00000    0.05640
 C01R  1    0.432318    0.247539    0.391338    11.00000    0.05062
 C01S  1    0.603496    0.092277    0.100812    11.00000    0.05164
 C01T  1    0.374321    0.462171    0.057566    11.00000    0.05643
 C01U  1    0.471646    0.170941    0.254808    11.00000    0.05316
 C01V  1    0.177838    0.435896    0.456234    11.00000    0.04911
 C01W  1    1.125802    0.164899    0.229705    11.00000    0.06043
 C01X  1    1.108498    0.277539    0.226265    11.00000    0.06048
 C01Y  1    0.374890    0.247223    0.075154    11.00000    0.05680
 C01Z  1    0.692755    0.031667    0.144143    11.00000    0.04865
 C020  1    0.772544    0.468787    0.267927    11.00000    0.05158
 C021  1    0.686064    0.681592    0.232809    11.00000    0.04692
 C022  1    0.232711    0.579128    0.393828    11.00000    0.04108
 C023  1    1.045002    0.133160    0.181789    11.00000    0.05232
 C024  1    0.513480    0.154240    0.515290    11.00000    0.05611
 C025  1    0.657669    0.520794    0.303032    11.00000    0.04988
 C026  1    0.307987    0.318383    0.016517    11.00000    0.05024
 C027  1    0.438968    0.393262    0.122054    11.00000    0.05851
 C028  1    0.282511    0.421393    0.043757    11.00000    0.05345
 C029  1    0.761663   -0.051835    0.009691    11.00000    0.06418
 C02A  1    0.730626   -0.075194    0.102225    11.00000    0.07232
 C02B  1    0.673245    0.008351   -0.034744    11.00000    0.05498
 C02C  1    0.636345    0.116000    0.008953    11.00000    0.06231
 C02D  1    0.116894    0.714340    0.301107    11.00000    0.05836
 HKLF 4
 ** Warning: DISP instructions may be required for this wavelength **



 Covalent radii and connectivity table for  res11_a.res in P-1                                                         
 C      0.770
 H      0.320
 N      0.700
 O      0.660
 F      0.640
 NA     1.860
 MG     1.600
 AL     1.250
 SI     1.170
 P      1.100
 S      1.030
 I      1.330
 NI     1.250

 K001 - K002
 K002 - C015 P004 P003 K001
 P003 - C00W C020 C00Z K002
 P004 - C01M C01S C01U K002
 F005 - C01I
 F006 - C01G
 F007 - C01C
 F008 - C013
 F009 - C00U
 F00A - C01H
 F00B - C00T
 F00C - C022
 F00D - C01E
 F00E - C00P
 F00F - C018
 F00G - C01N
 F00H - C00X
 F00I - C00V
 F00J - C01Q
 F00K - C016
 F00L - C01V
 F00M - C01O
 F00N - C01K
 F00O - C014
 C00P - F00E C013 C00X
 C00Q - C01C C013 C02D
 C00R - C00U C00T C02D
 C00S - C01G C01E C02D
 C00T - C00V F00B C00R
 C00U - C00R C01Q F009
 C00V - C00T C018 F00I
 C00W - C011 P003
 C00X - F00H C01H C00P
 C00Y - C01F C024 C019
 C00Z - C017 C01J P003
 C010 - C01D C024 C01R
 C011 - C01D C015 C00W C019
 C012 - C020 C01L
 C013 - F008 C00Q C00P
 C014 - C01O C016 F00O
 C015 - C01A C011 K002
 C016 - C014 F00K C01E
 C017 - C023 C00Z
 C018 - C00V F00F C01Q
 C019 - C00Y C011
 C01A - C015 C01F C01U C01R
 C01B - C022 C01I C02D
 C01C - C00Q F007 C01H
 C01D - C011 C010
 C01E - F00D C00S C016
 C01F - C00Y C01A
 C01G - C00S C01O F006
 C01H - F00A C01C C00X
 C01I - C01N F005 C01B
 C01J - C00Z C01X
 C01K - C01V F00N C022
 C01L - C021 C012
 C01M - C027 C01Y P004
 C01N - C01V F00G C01I
 C01O - C014 C01G F00M
 C01P - C021 C025
 C01Q - C00U C018 F00J
 C01R - C01A C010
 C01S - C02C C01Z P004
 C01T - C028 C027
 C01U - C01A P004
 C01V - C01N C01K F00L
 C01W - C01X C023
 C01X - C01W C01J
 C01Y - C01M C026
 C01Z - C01S C02A
 C020 - C012 C025 P003
 C021 - C01P C01L
 C022 - C01B F00C C01K
 C023 - C017 C01W
 C024 - C00Y C010
 C025 - C01P C020
 C026 - C028 C01Y
 C027 - C01M C01T
 C028 - C026 C01T
 C029 - C02A C02B
 C02A - C029 C01Z
 C02B - C029 C02C
 C02C - C01S C02B
 C02D - C00Q C01B C00R C00S


 Floating origin restraints generated



    30617  Reflections read, of which       0  rejected

 -25 =< h =< 25,    -11 =< k =< 11,     -9 =< l =< 10,   Max. 2-theta =   83.14

        0  Systematic absence violations (I>3sig(I)) before merging

      408  Inconsistent equivalents

    11383  Unique reflections, of which       0  suppressed

 R(int) = 0.0649     R(sigma) = 0.0503      Friedel opposites not merged

 Maximum memory for data reduction =     4587 /   113787


 Number of data for d > 0.505A (CIF: max) and d > 0.833A (CIF: full)
 (ignoring systematic absences):
 Unique reflections found (point group)      11383    7968
 Unique reflections possible (point group)   90312   20116
 Unique reflections found (Laue group)        6098    4342
 Unique reflections possible (Laue group)    45156   10058
 Unique Friedel pairs found                   5285    3626
 Unique Friedel pairs possible               45156   10058


 ** Cell contents from UNIT instruction and atom list do not agree **


 Unit-cell contents from UNIT instruction and atom list resp.

 C        20.00     61.00
 H        20.00      0.00
 N        20.00      0.00
 O        20.00      0.00
 F        20.00     20.00
 NA       20.00      0.00
 MG       20.00      0.00
 AL       20.00      0.00
 SI       20.00      0.00
 P        20.00      2.00
 S        20.00      0.00
 I        20.00      1.00
 NI       20.00      1.00


 Least-squares cycle   1   Maximum vector length =  623   Memory required =    102 /   5438 /   523128

 wR2 =  0.8768 before cycle   1 for   11383 data and    341 /    341 parameters

 GooF = S =    14.829;     Restrained GooF =     14.827 for       3 restraints

 Weight = 1 / [ sigma^2(Fo^2) + ( 0.1000 * P )^2 +   0.00 * P ]   where  P = ( Max ( Fo^2, 0 ) + 2 * Fc^2 ) / 3


     N      value        esd    shift/esd  parameter

     1     0.38238     0.00803    -8.327    OSF
     5    -0.00664     0.00092    -6.135    U11 K001
     9     0.01865     0.00212     9.270    U11 K002

 Mean shift/esd =   0.484  Maximum =     9.270 for  U11 K002     

 Max. shift = 0.616 A for C00W        Max. dU = 0.115 for C01L     


 Least-squares cycle   2   Maximum vector length =  623   Memory required =    102 /   5438 /   523128

 wR2 =  0.8704 before cycle   2 for   11383 data and    341 /    341 parameters

 GooF = S =    12.242;     Restrained GooF =     12.241 for       3 restraints

 Weight = 1 / [ sigma^2(Fo^2) + ( 0.1000 * P )^2 +   0.00 * P ]   where  P = ( Max ( Fo^2, 0 ) + 2 * Fc^2 ) / 3


     N      value        esd    shift/esd  parameter

     1     0.36958     0.00764    -1.676    OSF
     5    -0.00511     0.00083    -4.929    U11 K001
     9     0.04880     0.00365     8.269    U11 K002
   318     0.16329     0.03241    -3.303     x  C028

 Mean shift/esd =   0.420  Maximum =     8.269 for  U11 K002     

 Max. shift = 1.495 A for C028        Max. dU = 0.201 for C01L     


 Least-squares cycle   3   Maximum vector length =  623   Memory required =    102 /   5438 /   523128

 wR2 =  0.8645 before cycle   3 for   11383 data and    341 /    341 parameters

 GooF = S =    11.295;     Restrained GooF =     11.293 for       3 restraints

 Weight = 1 / [ sigma^2(Fo^2) + ( 0.1000 * P )^2 +   0.00 * P ]   where  P = ( Max ( Fo^2, 0 ) + 2 * Fc^2 ) / 3


     N      value        esd    shift/esd  parameter

     1     0.36256     0.00747    -0.939    OSF
     5    -0.00464     0.00082    -4.448    U11 K001
     9     0.08247     0.00659     5.108    U11 K002

 Mean shift/esd =   0.352  Maximum =     5.108 for  U11 K002     

 Max. shift = 1.998 A for C01Q        Max. dU =-0.547 for C01L     


 Least-squares cycle   4   Maximum vector length =  623   Memory required =    102 /   5438 /   523128

 wR2 =  0.8633 before cycle   4 for   11383 data and    341 /    341 parameters

 GooF = S =    10.994;     Restrained GooF =     10.993 for       3 restraints

 Weight = 1 / [ sigma^2(Fo^2) + ( 0.1000 * P )^2 +   0.00 * P ]   where  P = ( Max ( Fo^2, 0 ) + 2 * Fc^2 ) / 3


     N      value        esd    shift/esd  parameter

     1     0.35298     0.00732    -1.309    OSF
     5    -0.00502     0.00083    -4.875    U11 K001
     9     0.11826     0.01084     3.302    U11 K002

 Mean shift/esd =   0.339  Maximum =    -4.875 for  U11 K001     

 Max. shift = 0.972 A for C015        Max. dU = 0.466 for C01I     


 Least-squares cycle   5   Maximum vector length =  623   Memory required =    102 /   5438 /   523128

 wR2 =  0.8606 before cycle   5 for   11383 data and    341 /    341 parameters

 GooF = S =    10.494;     Restrained GooF =     10.493 for       3 restraints

 Weight = 1 / [ sigma^2(Fo^2) + ( 0.1000 * P )^2 +   0.00 * P ]   where  P = ( Max ( Fo^2, 0 ) + 2 * Fc^2 ) / 3


     N      value        esd    shift/esd  parameter

     1     0.34913     0.00710    -0.542    OSF
     5    -0.00495     0.00081    -4.870    U11 K001

 Mean shift/esd =   0.304  Maximum =    -4.870 for  U11 K001     

 Max. shift = 1.271 A for C01I        Max. dU = 1.151 for C01I     


 Least-squares cycle   6   Maximum vector length =  623   Memory required =    102 /   5438 /   523128

 wR2 =  0.8580 before cycle   6 for   11383 data and    341 /    341 parameters

 GooF = S =    10.230;     Restrained GooF =     10.228 for       3 restraints

 Weight = 1 / [ sigma^2(Fo^2) + ( 0.1000 * P )^2 +   0.00 * P ]   where  P = ( Max ( Fo^2, 0 ) + 2 * Fc^2 ) / 3


     N      value        esd    shift/esd  parameter

     1     0.34670     0.00696    -0.349    OSF
     5    -0.00498     0.00080    -4.964    U11 K001

 Mean shift/esd =   0.260  Maximum =    -4.964 for  U11 K001     

 Max. shift = 5.420 A for C01I        Max. dU =-2.311 for C01I     


 Least-squares cycle   7   Maximum vector length =  623   Memory required =    102 /   5438 /   523128

 wR2 =  0.8557 before cycle   7 for   11383 data and    341 /    341 parameters

 GooF = S =    10.039;     Restrained GooF =     10.038 for       3 restraints

 Weight = 1 / [ sigma^2(Fo^2) + ( 0.1000 * P )^2 +   0.00 * P ]   where  P = ( Max ( Fo^2, 0 ) + 2 * Fc^2 ) / 3


     N      value        esd    shift/esd  parameter

     1     0.34708     0.00688     0.055    OSF
     5    -0.00494     0.00080    -4.944    U11 K001
    74    -0.02419     0.00670    -3.734     x  F00J

 Mean shift/esd =   0.247  Maximum =    -4.944 for  U11 K001     

 Max. shift = 1.344 A for C01Z        Max. dU =-0.250 for C01Z     


 Least-squares cycle   8   Maximum vector length =  623   Memory required =    102 /   5438 /   523128

 wR2 =  0.8500 before cycle   8 for   11383 data and    341 /    341 parameters

 GooF = S =     9.712;     Restrained GooF =      9.711 for       3 restraints

 Weight = 1 / [ sigma^2(Fo^2) + ( 0.1000 * P )^2 +   0.00 * P ]   where  P = ( Max ( Fo^2, 0 ) + 2 * Fc^2 ) / 3


     N      value        esd    shift/esd  parameter

     1     0.34872     0.00676     0.244    OSF
     5    -0.00512     0.00078    -5.302    U11 K001
    77    -0.04606     0.00837    -5.928    U11 F00J

 Mean shift/esd =   0.246  Maximum =    -5.928 for  U11 F00J     

 Max. shift = 0.597 A for C01E        Max. dU = 0.200 for F00D     


 Least-squares cycle   9   Maximum vector length =  623   Memory required =    102 /   5438 /   523128

 wR2 =  0.8483 before cycle   9 for   11383 data and    341 /    341 parameters

 GooF = S =     9.687;     Restrained GooF =      9.686 for       3 restraints

 Weight = 1 / [ sigma^2(Fo^2) + ( 0.1000 * P )^2 +   0.00 * P ]   where  P = ( Max ( Fo^2, 0 ) + 2 * Fc^2 ) / 3


     N      value        esd    shift/esd  parameter

     1     0.34834     0.00669    -0.057    OSF
     5    -0.00502     0.00077    -5.193    U11 K001
    77    -0.03937     0.00715    -5.363    U11 F00J

 Mean shift/esd =   0.200  Maximum =    -5.363 for  U11 F00J     

 Max. shift = 0.443 A for F00D        Max. dU = 0.082 for C02D     


 Least-squares cycle  10   Maximum vector length =  623   Memory required =    102 /   5438 /   523128

 wR2 =  0.8475 before cycle  10 for   11383 data and    341 /    341 parameters

 GooF = S =     9.635;     Restrained GooF =      9.634 for       3 restraints

 Weight = 1 / [ sigma^2(Fo^2) + ( 0.1000 * P )^2 +   0.00 * P ]   where  P = ( Max ( Fo^2, 0 ) + 2 * Fc^2 ) / 3


     N      value        esd    shift/esd  parameter

     1     0.34781     0.00665    -0.079    OSF
     5    -0.00495     0.00077    -5.123    U11 K001
    77    -0.04010     0.00713    -5.485    U11 F00J
   181    -0.01296     0.01073    -1.114    U11 C019
   249    -0.02741     0.01063    -2.485    U11 C01Q
   269    -0.01366     0.01110    -1.141    U11 C01V

 Mean shift/esd =   0.178  Maximum =    -5.485 for  U11 F00J     

 Max. shift = 0.648 A for C02D        Max. dU = 0.170 for F00D     


 Largest correlation matrix elements

     0.760 U11 K001 / OSF                    0.660 y C013 / y F008                   0.502 U11 C01O / z C014
     0.677 z C013 / z C00P                   0.520 y C021 / y C01P



  res11_a.res in P-1                                                         

 ATOM           x        y        z         sof        U11      U22      U33      U23      U13      U12       Ueq

 K001        0.74348  0.32133  0.06920    1.00000   -0.00100
   0.00724   0.00027  0.00028  0.00030    0.00000    0.00077

 K002        0.67602  0.26013  0.18586    1.00000    0.20560
   0.15658   0.00694  0.00604  0.00634    0.00000    0.03029

 P003        0.76626  0.34253  0.32210    1.00000    0.11097
   0.19727   0.00751  0.00739  0.00810    0.00000    0.02845

 P004        0.55062  0.19595  0.15782    1.00000    0.08638
   0.15576   0.00587  0.00548  0.00665    0.00000    0.02075

 F005       -0.01825  0.56944  0.35592    1.00000    0.15560
   0.39490   0.01701  0.01474  0.01667    0.00000    0.07174

 F006        0.16474  0.88721  0.28482    1.00000    0.21348
   0.60269   0.02895  0.02455  0.02356    0.00000    0.12624

 F007        0.13451  0.50355  0.19646    1.00000    0.16226
   0.40738   0.01873  0.01628  0.01716    0.00000    0.08074

 F008        0.03552  0.85694  0.16385    1.00000    0.01913
   0.17716   0.00471  0.00713  0.00711    0.00000    0.01589

 F009        0.13921  0.76405  0.45144    1.00000    0.07787
   0.25490   0.01000  0.00922  0.01104    0.00000    0.03642

 F00A        0.09246  0.46898  0.03748    1.00000    0.13390
   0.36593   0.01575  0.01403  0.01473    0.00000    0.06755

 F00B       -0.11167  0.73973  0.23271    1.00000    0.07887
   0.31138   0.01267  0.01141  0.01295    0.00000    0.04928

 F00C        0.30739  0.64297  0.36532    1.00000    0.15036
   0.39185   0.01741  0.01532  0.01610    0.00000    0.07308

 F00D        0.24125  0.77169  0.16427    1.00000    0.51235
   0.93452   0.04326  0.03942  0.03405    0.00000    0.25667

 F00E       -0.02363  0.87492  0.00119    1.00000    0.08986
   0.29102   0.01222  0.01125  0.01221    0.00000    0.04793

 F00F       -0.21063  0.96003  0.54056    1.00000    0.08193
   0.26440   0.01024  0.00975  0.01119    0.00000    0.03855

 F00G       -0.03861  0.46252  0.46421    1.00000    0.36872
   1.18437   0.05402  0.04852  0.04334    0.00000    0.31161

 F00H        0.01517  0.71198 -0.02363    1.00000    0.16584
   0.45687   0.01948  0.01739  0.01920    0.00000    0.08276

 F00I       -0.25556  0.92270  0.38232    1.00000    0.03092
   0.16843   0.00538  0.00576  0.00739    0.00000    0.01801

 F00J       -0.02507  0.82131  0.56958    1.00000   -0.00100
   0.11177   0.00254  0.00382  0.00512    0.00000    0.00713

 F00K        0.40424  0.66330  0.19473    1.00000    0.10430
   0.32269   0.01378  0.01237  0.01330    0.00000    0.05331

 F00L        0.24674  0.30865  0.52265    1.00000    0.15822
   0.39695   0.01963  0.01697  0.01459    0.00000    0.08738

 F00M        0.42433  0.95350  0.25946    1.00000    0.07018
   0.28793   0.01164  0.01081  0.01193    0.00000    0.04442

 F00N        0.42372  0.49629  0.48051    1.00000    0.12243
   0.33327   0.01426  0.01289  0.01331    0.00000    0.05747

 F00O        0.51236  0.87265  0.13961    1.00000    0.08515
   0.28026   0.01083  0.01042  0.01185    0.00000    0.04105

 C00P        0.03647  0.78102  0.07904    1.00000    0.01925
   0.35422   0.00650  0.00985  0.01738    0.00000    0.02082

 C00Q        0.05283  0.70376  0.26359    1.00000   -0.00100
   0.21672   0.00393  0.00725  0.01001    0.00000    0.01093

 C00R        0.03219  0.76305  0.33455    1.00000    0.00167
   0.26703   0.00459  0.00816  0.01201    0.00000    0.01317

 C00S        0.21497  0.75053  0.29522    1.00000    0.00428
   0.22122   0.00455  0.00756  0.01018    0.00000    0.01288

 C00T       -0.06755  0.80596  0.30003    1.00000    0.08926
   0.53815   0.02036  0.01924  0.02212    0.00000    0.07672

 C00U        0.04096  0.81261  0.41247    1.00000    0.02283
   0.34332   0.00773  0.01081  0.01512    0.00000    0.02439

 C00V       -0.14714  0.83408  0.35374    1.00000   -0.00100
   0.22860   0.00387  0.00712  0.01051    0.00000    0.01058

 C00W        0.74529  0.27874  0.31931    1.00000   -0.00004
   0.21605   0.00396  0.00767  0.00962    0.00000    0.01106

 C00X       -0.01558  0.73435  0.08972    1.00000    0.03931
   0.37513   0.01116  0.01253  0.01693    0.00000    0.03670

 C00Y        0.57982  0.06157  0.49064    1.00000    0.07309
   0.49708   0.01798  0.01761  0.02170    0.00000    0.06368

 C00Z        0.90743  0.32697  0.18206    1.00000    0.00696
   0.23700   0.00534  0.00808  0.01094    0.00000    0.01523

 C010        0.50847  0.25236  0.45061    1.00000    0.04833
   0.39155   0.01242  0.01459  0.01751    0.00000    0.04311

 C011        0.66531  0.27824  0.43074    1.00000    0.12011
   0.69940   0.02822  0.02866  0.02709    0.00000    0.11560

 C012        0.74345  0.53280  0.16929    1.00000    0.02905
   0.32111   0.00954  0.01108  0.01442    0.00000    0.03076

 C013        0.03494  0.79636  0.15966    1.00000   -0.00081
   0.30256   0.00419  0.01014  0.01396    0.00000    0.01217

 C014        0.36756  0.87610  0.25638    1.00000    0.04670
   0.45560   0.01217  0.01502  0.02054    0.00000    0.04344

 C015        0.73715  0.05058  0.30156    1.00000    0.01071
   0.25474   0.00603  0.00868  0.01152    0.00000    0.01792

 C016        0.38178  0.76288  0.17968    1.00000    0.02866
   0.30573   0.00864  0.01091  0.01375    0.00000    0.02735

 C017        0.97047  0.17482  0.23994    1.00000    0.01166
   0.24526   0.00563  0.00837  0.01110    0.00000    0.01649

 C018       -0.13411  0.86882  0.44827    1.00000    0.01729
   0.30578   0.00676  0.00960  0.01378    0.00000    0.02029

 C019        0.70343  0.09064  0.39686    1.00000   -0.00100
   0.20519   0.00397  0.00693  0.00944    0.00000    0.01073

 C01A        0.50647  0.16458  0.35545    1.00000    0.11729
   0.76924   0.03233  0.02859  0.03188    0.00000    0.14009

 C01B        0.14206  0.59560  0.38908    1.00000    0.08232
   0.50186   0.01898  0.01807  0.02123    0.00000    0.06892

 C01C        0.07047  0.56263  0.15021    1.00000    0.01286
   0.27239   0.00707  0.00942  0.01243    0.00000    0.02129

 C01D        0.68316  0.33522  0.43636    1.00000    0.01701
   0.27834   0.00654  0.01035  0.01233    0.00000    0.01984

 C01E        0.24626  0.71707  0.22039    1.00000    0.01274
   0.28842   0.00728  0.00991  0.01334    0.00000    0.02172

 C01F        0.54741  0.03036  0.39306    1.00000    0.00535
   0.23088   0.00471  0.00764  0.01062    0.00000    0.01334

 C01G        0.23535  0.86825  0.24166    1.00000    0.03553
   0.34217   0.01032  0.01187  0.01550    0.00000    0.03263

 C01H        0.03779  0.59846  0.06836    1.00000    0.01822
   0.28091   0.00722  0.00960  0.01267    0.00000    0.02238

 C01I        0.51838  0.62209  0.26550    1.00000    0.05811
   0.34139   0.01044  0.01189  0.01509    0.00000    0.03378

 C01J        1.00497  0.31447  0.25289    1.00000    0.02386
   0.30172   0.00824  0.01026  0.01335    0.00000    0.02555

 C01K        0.27371  0.43728  0.36523    1.00000   -0.00100
   0.20319   0.00389  0.00705  0.00937    0.00000    0.01061

 C01L        0.80006  0.67660  0.26924    1.00000    0.03926
   0.34644   0.01078  0.01195  0.01567    0.00000    0.03524

 C01M        0.44692  0.24788  0.08574    1.00000    0.00785
   0.23599   0.00517  0.00814  0.01059    0.00000    0.01511

 C01N        0.06929  0.47890  0.44270    1.00000    0.06912
   0.43879   0.01627  0.01595  0.01883    0.00000    0.05615

 C01O        0.35105  0.90714  0.31792    1.00000    0.04651
   0.48249   0.01411  0.01612  0.02193    0.00000    0.05423

 C01P        0.65118  0.61276  0.30878    1.00000    0.00842
   0.24277   0.00552  0.01016  0.01095    0.00000    0.01661

 C01Q        0.06241  0.82036  0.56479    1.00000   -0.00100
   0.20317   0.00378  0.00691  0.00943    0.00000    0.01063

 C01R        0.37359  0.22743  0.31480    1.00000    0.06542
   0.44005   0.01592  0.01575  0.01907    0.00000    0.05374

 C01S        0.54088  0.08089  0.15073    1.00000    0.05058
   0.39278   0.01336  0.01388  0.01714    0.00000    0.04612

 C01T        0.38855  0.47739  0.06954    1.00000    0.00278
   0.21338   0.00433  0.00726  0.00984    0.00000    0.01225

 C01U        0.49927  0.18193  0.24910    1.00000    0.02808
   0.33220   0.00927  0.01092  0.01522    0.00000    0.03039

 C01V        0.20624  0.44081  0.38236    1.00000   -0.00100
   0.20959   0.00409  0.00715  0.00965    0.00000    0.01110

 C01W        1.13696  0.13194  0.24267    1.00000   -0.00100
   0.20001   0.00375  0.00685  0.00911    0.00000    0.01068

 C01X        1.08791  0.28230  0.23782    1.00000    0.02899
   0.31406   0.00920  0.01100  0.01384    0.00000    0.02988

 C01Y        0.36295  0.26562  0.07418    1.00000   -0.00100
   0.19913   0.00377  0.00692  0.00912    0.00000    0.01061

 C01Z        0.65255 -0.00238  0.17946    1.00000    0.03751
   0.36142   0.01167  0.01275  0.01595    0.00000    0.03828

 C020        0.77601  0.46302  0.31130    1.00000    0.06244
   0.43477   0.01606  0.01565  0.01838    0.00000    0.05563

 C021        0.66453  0.66092  0.28522    1.00000    0.01802
   0.28558   0.00752  0.01143  0.01281    0.00000    0.02208

 C022        0.24529  0.53379  0.34974    1.00000   -0.00100
   0.20078   0.00383  0.00702  0.00920    0.00000    0.01076

 C023        1.05904  0.14436  0.15963    1.00000    0.02033
   0.27908   0.00726  0.00979  0.01244    0.00000    0.02235

 C024        0.48990  0.18939  0.47419    1.00000    0.01115
   0.26389   0.00628  0.00974  0.01173    0.00000    0.01926

 C025        0.64022  0.52647  0.40073    1.00000    0.01811
   0.27915   0.00731  0.00973  0.01265    0.00000    0.02257

 C026        0.39914  0.27422 -0.13156    1.00000   -0.00100
   0.20845   0.00393  0.00709  0.00952    0.00000    0.01092

 C027        0.47767  0.39339  0.09350    1.00000    0.02017
   0.27768   0.00710  0.00950  0.01250    0.00000    0.02091

 C028        0.15650  0.46436  0.14119    1.00000   -0.00100
   0.22336   0.00379  0.00719  0.01025    0.00000    0.01066

 C029        0.89948 -0.06890 -0.13083    1.00000   -0.00100
   0.20485   0.00399  0.00696  0.00950    0.00000    0.01099

 C02A        0.60679 -0.07246  0.19473    1.00000    0.05465
   0.41063   0.01405  0.01490  0.01755    0.00000    0.04733

 C02B        0.66321 -0.00928 -0.05044    1.00000    0.02603
   0.30578   0.00786  0.01028  0.01403    0.00000    0.02447

 C02C        0.68317  0.11065  0.08256    1.00000    0.03824
   0.35951   0.01178  0.01256  0.01573    0.00000    0.04006

 C02D        0.13133  0.70467  0.34584    1.00000    0.32295
   1.05643   0.04805  0.04196  0.03977    0.00000    0.23777



 Final Structure Factor Calculation for  res11_a.res in P-1                                                         

 Total number of l.s. parameters =   341  Maximum vector length =  623   Memory required =    102 /   5097 /    39249

 wR2 =  0.8471 before cycle  11 for   11383 data and      0 /    341 parameters

 GooF = S =     9.603;     Restrained GooF =      9.601 for       3 restraints

 Weight = 1 / [ sigma^2(Fo^2) + ( 0.1000 * P )^2 +   0.00 * P ]   where  P = ( Max ( Fo^2, 0 ) + 2 * Fc^2 ) / 3

 wR2 =  0.8471,  GooF = S =   9.603,  Restrained GooF =    9.601  for all data
 R1 =  0.5539 for   10479 Fo > 4sig(Fo)  and  0.5795 for all   11383 data

 Flack x =    0.248(295) by classical fit to all intensities
              0.502(29) from 3380 selected quotients (Parsons' method)
 ** Warning: too few Friedel pairs to determine Flack parameter reliably **

 ** Absolute structure cannot be determined reliably **

 Occupancy sum of asymmetric unit =    85.00 for non-hydrogen and     0.00 for H and D atoms



 Principal mean square atomic displacements U

  -0.0010  -0.0010  -0.0010   K001   ** NON POSITIVE DEFINITE **
  -0.0010  -0.0010  -0.0010   F00J   ** NON POSITIVE DEFINITE **
  -0.0010  -0.0010  -0.0010   C00Q   ** NON POSITIVE DEFINITE **
  -0.0010  -0.0010  -0.0010   C00V   ** NON POSITIVE DEFINITE **
   0.0000   0.0000   0.0000   C00W   ** NON POSITIVE DEFINITE **
  -0.0008  -0.0008  -0.0008   C013   ** NON POSITIVE DEFINITE **
  -0.0010  -0.0010  -0.0010   C019   ** NON POSITIVE DEFINITE **
  -0.0010  -0.0010  -0.0010   C01K   ** NON POSITIVE DEFINITE **
  -0.0010  -0.0010  -0.0010   C01Q   ** NON POSITIVE DEFINITE **
  -0.0010  -0.0010  -0.0010   C01V   ** NON POSITIVE DEFINITE **
  -0.0010  -0.0010  -0.0010   C01W   ** NON POSITIVE DEFINITE **
  -0.0010  -0.0010  -0.0010   C01Y   ** NON POSITIVE DEFINITE **
  -0.0010  -0.0010  -0.0010   C022   ** NON POSITIVE DEFINITE **
  -0.0010  -0.0010  -0.0010   C026   ** NON POSITIVE DEFINITE **
  -0.0010  -0.0010  -0.0010   C028   ** NON POSITIVE DEFINITE **
  -0.0010  -0.0010  -0.0010   C029   ** NON POSITIVE DEFINITE **

 ** Warning:     0  atoms may be split and    16  atoms NPD **



 Analysis of variance for reflections employed in refinement      K = Mean[Fo^2] / Mean[Fc^2]  for group


 Fc/Fc(max)       0.000    0.104    0.121    0.135    0.149    0.164    0.180    0.202    0.231    0.280    1.000

 Number in group      1164.    1128.    1184.    1151.    1112.    1086.    1142.    1137.    1138.    1141.

            GooF     12.039   11.150   10.911   11.200   10.494   10.491   10.447   10.654   10.157    9.602

             K       13.551    6.539    6.267    5.774    4.285    4.807    4.287    3.727    3.712    2.675


 Resolution(A)    0.50     0.65     0.74     0.83     0.94     1.07     1.20     1.35     1.58     2.00     inf

 Number in group      1142.    1138.    1135.    1138.    1137.    1152.    1135.    1133.    1126.    1147.

            GooF     10.436   10.223   10.931   10.609   10.391   10.233   10.400   10.770   11.015   12.223

             K        4.768    4.621    4.780    4.619    4.166    3.568    3.553    3.661    3.828    4.019

             R1       0.580    0.570    0.583    0.572    0.540    0.532    0.525    0.530    0.545    0.612


 Recommended weighting scheme:  WGHT    0.2000    0.0000
 [Weight parameters refined to    1.0006     1982.05  but appear excessive]


 Most Disagreeable Reflections (* if suppressed or used for Rfree).
 Error/esd is calculated as sqrt(wD^2/<wD^2>) where w is given by the weight
 formula, D = Fo^2-Fc^2 and <> refers to the average over all reflections.

     h   k   l          Fo^2          Fc^2    Error/esd  Fc/Fc(max)  Resolution(A)

    -1  -2   2      41495.98        321.73       3.07       0.102       4.72
     9   2   0      65416.02        535.97       3.06       0.132       1.44
     4  -1  -2      37480.26         69.57       3.05       0.047       2.70
    -2   3  -4      39388.63          0.93       3.02       0.005       2.61
    -9   2   1      16876.03         17.73       3.01       0.024       1.32
     9  -1   2      18106.84        114.35       3.00       0.061       1.39
   -10   0  -5      22757.87        122.69       2.99       0.063       1.24
     8   1   0      36569.18        485.88       2.97       0.125       1.62
    10  -3   0      54753.30        399.29       2.97       0.114       1.17
     3   6  -1      35562.97        650.10       2.94       0.145       2.08
     6   0  -2      17982.66        210.79       2.94       0.083       1.99
    -8   2   0      88488.40       2173.90       2.92       0.265       1.49
    12  -3   1      21667.06        339.20       2.91       0.105       1.00
     1  -6   2      29480.20        307.65       2.91       0.100       2.04
    -8   3   3      32010.87        488.06       2.90       0.126       1.34
    -5   2  -1      39967.25        798.98       2.90       0.161       2.26
    10   0   5      24368.02        153.33       2.90       0.070       1.24
    -6  -2   2      29622.09        388.59       2.89       0.112       2.00
     3  -4   3      83816.07       2351.21       2.88       0.276       2.23
   -12   3  -1      19949.49        381.73       2.87       0.111       1.00
    -6   3  -4      30340.50        126.08       2.86       0.064       1.70
    -5  -1   3      17211.63        408.88       2.86       0.115       2.21
    -9   1  -2      16658.57        197.91       2.86       0.080       1.39
     5  -2  -2      22925.58        613.89       2.85       0.141       2.12
     8   0   4      62689.41       1752.59       2.84       0.238       1.55
    -4  -3   3      20470.25        601.30       2.82       0.139       2.36
     7   1   0      52070.04        157.10       2.82       0.071       1.85
    -3   3   2       7509.79         24.88       2.82       0.028       2.62
    -9   2  -1      30845.81        487.47       2.82       0.126       1.35
    -1  -3   3      21776.18        187.97       2.82       0.078       3.25
    -1   2  -1      11327.16        125.67       2.82       0.064       5.23
    15   4  -2      30519.29        533.28       2.80       0.131       0.85
     9   1   2      20973.19        648.08       2.80       0.145       1.45
    -3   4   3      84599.11       1314.28       2.77       0.206       2.17
    -8   6   0      25659.84        118.44       2.77       0.062       1.20
    -6   2   2      26408.74       1045.00       2.77       0.184       1.83
   -12   0  -1      41848.20       1017.54       2.77       0.181       1.07
    19  -5   0      33392.72        575.74       2.75       0.136       0.63
     6  -3   4      34192.56        171.18       2.72       0.074       1.70
    22   0  -1      10704.15        197.65       2.72       0.080       0.58
   -13   1  -1      19522.24        698.87       2.71       0.150       0.97
     4   0   5      16628.68        125.40       2.70       0.064       2.42
    -6  -3   4      36992.12       1787.75       2.69       0.240       1.73
    -5   2   2      23097.12        583.44       2.69       0.137       2.12
     6   3   4      37081.79       1679.44       2.69       0.233       1.96
     5   6   3      15235.88        295.91       2.69       0.098       1.82
    -8   0   2      26218.50       1180.46       2.68       0.195       1.53
     5   3   0      31017.73        907.49       2.67       0.171       2.41
    17   4   1      28010.36        817.97       2.67       0.163       0.77
    -4  -1   4      13177.13        448.12       2.67       0.120       2.35



 Bond lengths and angles

 K001 -          Distance        Angles
 K002      2.1368 (0.0879) 
                 K001           

 K002 -          Distance        Angles
 C015      3.3088 (0.1409) 
 P004      2.1146 (0.1298)   85.58 (3.86)
 P003      3.0091 (0.1709)   80.43 (4.14) 145.01 (5.35)
 K001      2.1368 (0.0880)  134.43 (4.34) 106.09 (5.26) 106.60 (3.78)
                 K002            C015          P004          P003         

 P003 -          Distance        Angles
 C00W      0.9605 (0.1229) 
 C020      1.6553 (0.2465)  164.31 (9.99)
 C00Z      2.7014 (0.1783)   96.46 (9.99)  83.77 (9.99)
 K002      3.0091 (0.1708)   49.52 (9.99) 116.78 (9.99)  70.82 (4.75)
                 P003            C00W          C020          C00Z         

 P004 -          Distance        Angles
 C01M      1.9131 (0.1500) 
 C01S      1.6013 (0.2261)   94.44 (9.99)
 C01U      1.5408 (0.2321)  110.67 (7.96)  84.66 (9.99)
 K002      2.1146 (0.1299)  129.36 (5.18) 130.80 (8.31)  96.87 (9.07)
                 P004            C01M          C01S          C01U         

 F005 -          Distance        Angles
 C01I      7.1428 (0.2548) 
                 F005           

 F006 -          Distance        Angles
 C01G      1.0780 (0.3589) 
                 F006           

 F007 -          Distance        Angles
 C01C      1.3181 (0.2480) 
                 F007           

 F008 -          Distance        Angles
 C013      0.8300 (0.1215) 
                 F008           

 F009 -          Distance        Angles
 C00U      1.5291 (0.1918) 
                 F009           

 F00A -          Distance        Angles
 C01H      1.8431 (0.2630) 
                 F00A           

 F00B -          Distance        Angles
 C00T      1.6829 (0.3641) 
                 F00B           

 F00C -          Distance        Angles
 C022      1.8652 (0.2506) 
                 F00C           

 F00D -          Distance        Angles
 C01E      1.1251 (0.4678) 
                 F00D           

 F00E -          Distance        Angles
 C00P      1.8644 (0.2473) 
                 F00E           

 F00F -          Distance        Angles
 C018      2.0321 (0.2579) 
                 F00F           

 F00G -          Distance        Angles
 C01N      1.4629 (0.6739) 
                 F00G           

 F00H -          Distance        Angles
 C00X      1.8471 (0.3360) 
                 F00H           

 F00I -          Distance        Angles
 C00V      1.7131 (0.1109) 
                 F00I           

 F00J -          Distance        Angles
 C01Q      1.1371 (0.0650) 
                 F00J           

 F00K -          Distance        Angles
 C016      1.3370 (0.2172) 
                 F00K           

 F00L -          Distance        Angles
 C01V      2.8222 (0.2501) 
                 F00L           

 F00M -          Distance        Angles
 C01O      1.4438 (0.2511) 
                 F00M           

 F00N -          Distance        Angles
 C01K      3.1310 (0.2507) 
                 F00N           

 F00O -          Distance        Angles
 C014      2.4721 (0.2947) 
                 F00O           

 C00P -          Distance        Angles
 F00E      1.8644 (0.2470) 
 C013      1.3262 (0.2213)  125.01 (9.99)
 C00X      1.0038 (0.1848)  101.47 (9.99)  94.47 (9.99)
                 C00P            F00E          C013         

 C00Q -          Distance        Angles
 C01C      2.6975 (0.2396) 
 C013      2.0282 (0.2085)   81.46 (8.44)
 C02D      1.7912 (0.6700)  128.14 (9.99) 130.63 (9.99)
                 C00Q            C01C          C013         

 C00R -          Distance        Angles
 C00U      1.4945 (0.2275) 
 C00T      1.4942 (0.2943)  111.66 (9.99)
 C02D      1.4182 (0.6044)   85.61 (9.99) 162.73 (9.99)
                 C00R            C00U          C00T         

 C00S -          Distance        Angles
 C01G      1.8015 (0.1789) 
 C01E      1.3026 (0.2448)   82.29 (9.99)
 C02D      1.4764 (0.5625)  140.16 (9.99) 115.96 (9.99)
                 C00S            C01G          C01E         

 C00T -          Distance        Angles
 C00V      1.2758 (0.3098) 
 F00B      1.6829 (0.3635)  104.55 (9.99)
 C00R      1.4942 (0.2939)  116.30 (9.99) 119.33 (9.99)
                 C00T            C00V          F00B         

 C00U -          Distance        Angles
 C00R      1.4945 (0.2274) 
 C01Q      2.5192 (0.3043)  155.99 (8.60)
 F009      1.5291 (0.1920)  111.84 (9.99)  55.55 (9.99)
                 C00U            C00R          C01Q         

 C00V -          Distance        Angles
 C00T      1.2758 (0.3109) 
 C018      1.6665 (0.2142)  121.34 (9.99)
 F00I      1.7131 (0.1106)  147.98 (9.99)  73.89 (7.75)
                 C00V            C00T          C018         

 C00W -          Distance        Angles
 C011      1.9454 (0.4229) 
 P003      0.9605 (0.1231)   96.28 (9.99)
                 C00W            C011         

 C00X -          Distance        Angles
 F00H      1.8471 (0.3361) 
 C01H      1.8819 (0.2327)   67.18 (9.99)
 C00P      1.0038 (0.1847)   85.75 (9.99) 115.78 (9.99)
                 C00X            F00H          C01H         

 C00Y -          Distance        Angles
 C01F      1.7841 (0.3562) 
 C024      1.9276 (0.2518)   86.26 (9.99)
 C019      2.1259 (0.2788)   73.35 (9.99)  95.68 (9.99)
                 C00Y            C01F          C024         

 C00Z -          Distance        Angles
 C017      2.2567 (0.1455) 
 C01J      1.8084 (0.2298)   59.60 (6.40)
 P003      2.7014 (0.1781)   84.67 (5.84)  85.63 (8.80)
                 C00Z            C017          C01J         

 C010 -          Distance        Angles
 C01D      2.7094 (0.2112) 
 C024      0.9664 (0.1763)  134.70 (9.99)
 C01R      3.0752 (0.3805)  129.34 (9.99)  84.25 (9.99)
                 C010            C01D          C024         

 C011 -          Distance        Angles
 C01D      0.8620 (0.3752) 
 C015      3.7471 (0.4779)  142.00 (9.99)
 C00W      1.9454 (0.4228)   86.91 (9.99)  57.12 (9.99)
 C019      2.5808 (0.4270)  153.65 (9.99)  21.34 (5.66)  77.10 (9.99)
                 C011            C01D          C015          C00W         

 C012 -          Distance        Angles
 C020      2.4704 (0.3440) 
 C01L      2.8783 (0.3186)   67.37 (9.07)
                 C012            C020         

 C013 -          Distance        Angles
 F008      0.8300 (0.1216) 
 C00Q      2.0282 (0.2086)  117.59 (9.99)
 C00P      1.3262 (0.2212)  107.84 (9.99) 133.80 (9.99)
                 C013            F008          C00Q         

 C014 -          Distance        Angles
 C01O      1.0827 (0.3492) 
 C016      2.0058 (0.3960)  152.14 (9.99)
 F00O      2.4721 (0.2947)  134.61 (9.99)  65.73 (9.99)
                 C014            C01O          C016         

 C015 -          Distance        Angles
 C01A      3.1632 (0.4204) 
 C011      3.7471 (0.4782)   54.79 (9.99)
 K002      3.3088 (0.1410)   67.37 (7.38)  67.73 (6.18)
                 C015            C01A          C011         

 C016 -          Distance        Angles
 C014      2.0058 (0.3962) 
 F00K      1.3370 (0.2172)  130.60 (9.99)
 C01E      1.9993 (0.1586)   98.75 (9.99)  73.15 (9.94)
                 C016            C014          F00K         

 C017 -          Distance        Angles
 C023      1.6328 (0.2138) 
 C00Z      2.2567 (0.1455)   94.18 (8.28)
                 C017            C023         

 C018 -          Distance        Angles
 C00V      1.6665 (0.2140) 
 F00F      2.0321 (0.2577)  141.05 (7.81)
 C01Q      3.3393 (0.1956)  132.86 (5.97)  85.93 (8.59)
                 C018            C00V          F00F         

 C019 -          Distance        Angles
 C00Y      2.1259 (0.2788) 
 C011      2.5808 (0.4275)   90.64 (9.99)
                 C019            C00Y         

 C01A -          Distance        Angles
 C015      3.1632 (0.4202) 
 C01F      1.8768 (0.3759)   60.02 (9.99)
 C01U      1.7237 (0.4974)   85.21 (9.99) 114.72 (9.99)
 C01R      1.9691 (0.4801)  144.72 (9.99) 127.97 (9.99)  59.86 (9.99)
                 C01A            C015          C01F          C01U         

 C01B -          Distance        Angles
 C022      1.5325 (0.2723) 
 C01I      5.1221 (0.2773)   37.27 (8.13)
 C02D      1.5757 (0.5661)  107.80 (9.99)  76.47 (9.99)
                 C01B            C022          C01I         

 C01C -          Distance        Angles
 C00Q      2.6975 (0.2397) 
 F007      1.3181 (0.2484)   87.43 (9.99)
 C01H      1.4634 (0.2532)  116.18 (9.20) 150.88 (9.99)
                 C01C            C00Q          F007         

 C01D -          Distance        Angles
 C011      0.8620 (0.3754) 
 C010      2.7094 (0.2115)   40.40 (9.99)
                 C01D            C011         

 C01E -          Distance        Angles
 F00D      1.1251 (0.4679) 
 C00S      1.3026 (0.2447)  119.00 (9.99)
 C016      1.9993 (0.1589)   67.18 (9.99) 106.94 (9.99)
                 C01E            F00D          C00S         

 C01F -          Distance        Angles
 C00Y      1.7841 (0.3565) 
 C01A      1.8768 (0.3764)   94.62 (9.99)
                 C01F            C00Y         

 C01G -          Distance        Angles
 C00S      1.8015 (0.1787) 
 C01O      2.2392 (0.3518)   99.13 (9.99)
 F006      1.0780 (0.3590)   75.25 (9.99)  99.48 (9.99)
                 C01G            C00S          C01O         

 C01H -          Distance        Angles
 F00A      1.8431 (0.2632) 
 C01C      1.4634 (0.2533)   84.75 (9.99)
 C00X      1.8819 (0.2326)  174.89 (9.99)  99.83 (9.99)
                 C01H            F00A          C01C         

 C01I -          Distance        Angles
 C01N      6.7303 (0.2497) 
 F005      7.1428 (0.2551)   17.15 (2.70)
 C01B      5.1221 (0.2777)   12.73 (3.14)  11.13 (4.75)
                 C01I            C01N          F005         

 C01J -          Distance        Angles
 C00Z      1.8084 (0.2296) 
 C01X      1.0939 (0.1613)  125.51 (9.99)
                 C01J            C00Z         

 C01K -          Distance        Angles
 C01V      0.8826 (0.0793) 
 F00N      3.1310 (0.2510)  121.41 (9.99)
 C022      1.3059 (0.1329)   82.67 (8.91)  86.17 (8.59)
                 C01K            C01V          F00N         

 C01L -          Distance        Angles
 C021      1.8101 (0.1800) 
 C012      2.8783 (0.3185)   63.01 (9.34)
                 C01L            C021         

 C01M -          Distance        Angles
 C027      2.1006 (0.1732) 
 C01Y      1.1219 (0.1043)  100.70 (8.80)
 P004      1.9131 (0.1501)   89.83 (7.29) 150.31 (9.99)
                 C01M            C027          C01Y         

 C01N -          Distance        Angles
 C01V      1.9162 (0.2390) 
 F00G      1.4629 (0.6758)  149.59 (9.99)
 C01I      6.7303 (0.2494)   32.55 (6.03) 166.11 (9.99)
                 C01N            C01V          F00G         

 C01O -          Distance        Angles
 C014      1.0827 (0.3493) 
 C01G      2.2392 (0.3512)   52.98 (9.99)
 F00M      1.4438 (0.2513)   65.62 (9.99) 106.05 (9.99)
                 C01O            C014          C01G         

 C01P -          Distance        Angles
 C021      0.7661 (0.1258) 
 C025      1.8222 (0.2243)  154.00 (9.99)
                 C01P            C021         

 C01Q -          Distance        Angles
 C00U      2.5192 (0.3043) 
 C018      3.3393 (0.1958)   43.16 (4.32)
 F00J      1.1371 (0.0646)   78.99 (9.04)  38.90 (7.19)
                 C01Q            C00U          C018         

 C01R -          Distance        Angles
 C01A      1.9691 (0.4808) 
 C010      3.0752 (0.3805)   40.00 (9.99)
                 C01R            C01A         

 C01S -          Distance        Angles
 C02C      2.1181 (0.2451) 
 C01Z      1.7688 (0.2359)   66.55 (8.85)
 P004      1.6013 (0.2261)   69.62 (8.77) 111.57 (9.99)
                 C01S            C02C          C01Z         

 C01T -          Distance        Angles
 C028      3.1314 (0.0850) 
 C027      1.5412 (0.1288)  119.61 (6.35)
                 C01T            C028         

 C01U -          Distance        Angles
 C01A      1.7237 (0.4974) 
 P004      1.5408 (0.2322)  151.23 (9.99)
                 C01U            C01A         

 C01V -          Distance        Angles
 C01N      1.9162 (0.2392) 
 C01K      0.8826 (0.0796)  161.49 (9.99)
 F00L      2.8222 (0.2500)   85.52 (9.99)  91.75 (9.99)
                 C01V            C01N          C01K         

 C01W -          Distance        Angles
 C01X      2.0172 (0.1688) 
 C023      1.7748 (0.2187)   79.97 (8.19)
                 C01W            C01X         

 C01X -          Distance        Angles
 C01W      2.0172 (0.1688) 
 C01J      1.0939 (0.1610)  120.69 (9.99)
                 C01X            C01W         

 C01Y -          Distance        Angles
 C01M      1.1219 (0.1044) 
 C026      3.2746 (0.2135)   98.79 (9.99)
                 C01Y            C01M         

 C01Z -          Distance        Angles
 C01S      1.7688 (0.2358) 
 C02A      1.2077 (0.2402)   93.47 (9.99)
                 C01Z            C01S         

 C020 -          Distance        Angles
 C012      2.4704 (0.3439) 
 C025      2.2069 (0.2838)  107.68 (9.62)
 P003      1.6553 (0.2463)  110.84 (9.99) 100.03 (9.99)
                 C020            C012          C025         

 C021 -          Distance        Angles
 C01P      0.7661 (0.1255) 
 C01L      1.8101 (0.1803)  117.99 (9.99)
                 C021            C01P         

 C022 -          Distance        Angles
 C01B      1.5325 (0.2721) 
 F00C      1.8652 (0.2512)   86.84 (9.99)
 C01K      1.3059 (0.1329)  123.79 (9.99) 131.63 (9.88)
                 C022            C01B          F00C         

 C023 -          Distance        Angles
 C017      1.6328 (0.2136) 
 C01W      1.7748 (0.2188)   78.50 (9.99)
                 C023            C017         

 C024 -          Distance        Angles
 C00Y      1.9276 (0.2518) 
 C010      0.9664 (0.1767)  128.86 (9.99)
                 C024            C00Y         

 C025 -          Distance        Angles
 C01P      1.8222 (0.2245) 
 C020      2.2069 (0.2844)   70.92 (8.13)
                 C025            C01P         

 C026 -          Distance        Angles
 C028      5.5415 (0.1957) 
 C01Y      3.2746 (0.2135)   37.47 (2.05)
                 C026            C028         

 C027 -          Distance        Angles
 C01M      2.1006 (0.1732) 
 C01T      1.5412 (0.1286)  113.45 (8.72)
                 C027            C01M         

 C028 -          Distance        Angles
 C026      5.5415 (0.1958) 
 C01T      3.1314 (0.0851)   51.98 (3.66)
                 C028            C026         

 C029 -          Distance        Angles
 C02A      6.0443 (0.2682) 
 C02B      3.1654 (0.1356)   36.40 (4.45)
                 C029            C02A         

 C02A -          Distance        Angles
 C029      6.0443 (0.2682) 
 C01Z      1.2077 (0.2403)   62.48 (9.99)
                 C02A            C029         

 C02B -          Distance        Angles
 C029      3.1654 (0.1355) 
 C02C      2.8514 (0.3322)  101.26 (5.88)
                 C02B            C029         

 C02C -          Distance        Angles
 C01S      2.1181 (0.2450) 
 C02B      2.8514 (0.3322)   91.52 (9.99)
                 C02C            C01S         

 C02D -          Distance        Angles
 C00Q      1.7912 (0.6682) 
 C01B      1.5757 (0.5655)  105.32 (9.99)
 C00R      1.4182 (0.6018)   50.55 (9.99) 121.52 (9.99)
 C00S      1.4764 (0.5617)   97.16 (9.99) 127.08 (9.99) 109.88 (9.99)
                 C02D            C00Q          C01B          C00R         


 FMAP and GRID set by program

 FMAP   2   1 -88
 GRID    -1.176  -1  -1     1.176   1   1

 R1 =  0.5625 for   6098 unique reflections after merging for Fourier


 Electron density synthesis with coefficients Fo-Fc

 Highest peak   61.13  at  0.7432  0.3214  0.0708  [  0.03 A from K001 ]
 Deepest hole  -14.72  at  0.7037  0.3267  0.0758  [  0.51 A from K001 ]


 Fourier peaks appended to .res file

              x       y       z       sof     U      Peak   Distances to nearest atoms (including eq.)

 Q1    1   0.2441  0.9697  0.0715   1.00000  0.05   18.94   2.97 C01G^a  2.97 F00D  3.30 C023  3.48 F008
 Q2    1   0.2435  0.6759  0.0711   1.00000  0.05   18.49   2.05 F00D  2.51 C01E  2.81 C00P  2.99 C01T^a
 Q3    1   0.2431  0.2095  0.0737   1.00000  0.05   17.68   1.87 C01Y  2.85 C01M  2.86 C023  3.08 C01W
 Q4    1   0.2442  0.4325  0.0691   1.00000  0.05   16.46   1.54 C028  2.09 F00A  2.10 C01T^a  2.48 F007
 Q5    1  -0.4019  0.8213  0.5719   1.00000  0.05   14.92   3.37 F00F  3.39 C00Y  3.68 F00I  3.92 C01F
 Q6    1  -0.1123  0.8198  0.5689   1.00000  0.05   14.14   1.15 F00J  2.05 C018  2.15 F00F  2.29 C01Q
 Q7    1   0.5134 -0.1784  0.5728   1.00000  0.05   12.63   3.63 C00Y  3.93 C01F  4.33 F00I  4.33 F00F
 Q8    1   0.7445  0.3116  0.3240   1.00000  0.05    8.49   0.46 C00W  0.55 P003  1.90 C01D  1.95 C011
 Q9    1   0.2435  0.6506  0.3344   1.00000  0.05    8.01   1.02 F00C  1.46 C00S  1.51 C02D  1.58 C022
 Q10   1   0.4670  0.1865  0.5681   1.00000  0.05    7.72   1.50 C024  2.07 C010  2.34 C00Y  3.20 F00L
 Q11   1   0.9268  0.0584 -0.1066   1.00000  0.05    7.70   1.90 C029  2.95 F00E  3.71 C02B  4.09 C02C
 Q12   1   0.9241  0.0587  0.2565   1.00000  0.05    7.68   1.78 C017  2.48 C015  2.57 C023  3.11 C01W
 Q13   1  -0.0734  0.5864 -0.1132   1.00000  0.05    7.63   2.81 F00H  3.47 C01H  3.57 F00A  4.18 C00X
 Q14   1   0.9254  0.5813  0.2523   1.00000  0.05    7.12   1.89 C01L  1.90 F005  2.12 F00B  2.32 C01C
 Q15   1   0.5629  0.5869 -0.1106   1.00000  0.05    7.11   3.82 C01T^a  4.20 C027  4.91 K001  5.15 C026
 Q16   1   0.4685  0.4576  0.5657   1.00000  0.05    7.10   1.58 F00N  3.37 C010  3.42 C025  3.48 C01D
 Q17   1   0.2465  0.9960  0.3418   1.00000  0.05    7.04   1.67 C01O  2.29 F006  2.41 C014  2.49 C01G^a
 Q18   1   0.3854  0.7119  0.5725   1.00000  0.05    7.00   3.30 F00N  3.85 F00C  3.93 F009  4.23 C01Q
 Q19   1   0.7861  0.0808  0.3900   1.00000  0.05    6.96   1.06 C019  1.75 C015  2.32 F00I  2.82 C00W
 Q20   1   0.5624  0.0581  0.2572   1.00000  0.05    6.85   1.73 C01U^a  1.73 C01Z  1.77 C01S  2.05 C02A

 Shortest distances between peaks (including symmetry equivalents)

      5   7  1.11      7  18  2.44     12  19  2.60


 Time profile in seconds
 -----------------------

      0.00: Read and process instructions
      0.00: Fit rigid groups
      0.00: Interpret restraints etc.
      0.00: Generate connectivity array
      0.00: Analyse DFIX and DANG restraints
      0.00: Analyse SAME, SADI and NCSY restraints
      0.00: Generate CHIV restraints
      0.00: Check if bonds in residues restrained
      0.00: Generate DELU and RIGU restraints
      0.00: Generate SIMU restraints
      0.00: Generate ISOR restraints
      0.00: Analyse electron density
      0.00: Analyse other restraints etc.
      0.04: Read intensity data, sort/merge etc.
      0.00: Set up constraints
      0.00: OSF, H-atoms from difference map
      0.02: Set up l.s. refinement
      0.00: Generate idealized H-atoms
      0.09: Structure factors and derivatives
      0.10: Sum l.s. matrices
      0.00: Generate and apply antibumping restraints
      0.00: Apply other restraints
      0.19: Solve l.s. equations
      0.00: Generate HTAB table
      0.00: Other dependent quantities, CIF, tables
      0.01: Analysis of variance
      0.01: Merge reflections for Fourier and .fcf
      0.01: Fourier summations
      0.01: Peaksearch
      0.00: Analyse peaklist

 ** WARNING: These times are only approximate for multiple threads.
             To get better estimates run with -t1 **

   Please cite: G.M. Sheldrick (2015) "Crystal structure refinement with
   SHELXL", Acta Cryst., C71, 3-8 (Open Access) if SHELXL proves useful.

 +++++++++++++++++++++++++++++++++++++++++++++++++++++++++++++++++++++++++++++
 +  example       finished at 12:58:19   Total elapsed time:      0.50 secs  +
 +++++++++++++++++++++++++++++++++++++++++++++++++++++++++++++++++++++++++++++
